Product: MDK-ARM Standard 5.10
Component: ARM Compiler 5.04 update 1 (build 49)
Tool: armlink [5040049]

==============================================================================

Section Cross References

    main.o(.text) refers to stm32f10x_nvic.o(.text) for NVIC_SetVectorTable
    main.o(.text) refers to stm32f10x_rcc.o(.text) for RCC_DeInit
    main.o(.text) refers to stm32f10x_flash.o(.text) for FLASH_PrefetchBufferCmd
    main.o(.text) refers to stm32f10x_gpio.o(.text) for GPIO_Init
    main.o(.text) refers to main.o(.data) for HSEStartUpStatus
    stm32f10x_gpio.o(.text) refers to stm32f10x_rcc.o(.text) for RCC_APB2PeriphResetCmd
    stm32f10x_nvic.o(.text) refers to cortexm3_macro.o(.text) for __SETPRIMASK
    stm32f10x_rcc.o(.text) refers to stm32f10x_rcc.o(.data) for HSEStatus
    stm32f10x_rcc.o(.text) refers to stm32f10x_rcc.o(.constdata) for APBAHBPrescTable
    stm32f10x_vector.o(STACK) refers (Special) to heapauxi.o(.text) for __use_two_region_memory
    stm32f10x_vector.o(HEAP) refers (Special) to heapauxi.o(.text) for __use_two_region_memory
    stm32f10x_vector.o(RESET) refers (Special) to heapauxi.o(.text) for __use_two_region_memory
    stm32f10x_vector.o(RESET) refers to stm32f10x_vector.o(STACK) for __initial_sp
    stm32f10x_vector.o(RESET) refers to stm32f10x_vector.o(.text) for Reset_Handler
    stm32f10x_vector.o(RESET) refers to stm32f10x_it.o(.text) for NMIException
    stm32f10x_vector.o(.text) refers (Special) to heapauxi.o(.text) for __use_two_region_memory
    stm32f10x_vector.o(.text) refers to __main.o(!!!main) for __main
    stm32f10x_vector.o(.text) refers to stm32f10x_vector.o(HEAP) for Heap_Mem
    stm32f10x_vector.o(.text) refers to stm32f10x_vector.o(STACK) for Stack_Mem
    __main.o(!!!main) refers to rtentry.o(.ARM.Collect$$rtentry$$00000000) for __rt_entry
    rtentry.o(.ARM.Collect$$rtentry$$00000000) refers (Special) to rtentry2.o(.ARM.Collect$$rtentry$$0000000A) for __rt_entry_li
    rtentry.o(.ARM.Collect$$rtentry$$00000000) refers (Special) to rtentry2.o(.ARM.Collect$$rtentry$$0000000D) for __rt_entry_main
    rtentry.o(.ARM.Collect$$rtentry$$00000000) refers (Special) to rtentry2.o(.ARM.Collect$$rtentry$$0000000C) for __rt_entry_postli_1
    rtentry.o(.ARM.Collect$$rtentry$$00000000) refers (Special) to rtentry2.o(.ARM.Collect$$rtentry$$00000009) for __rt_entry_postsh_1
    rtentry.o(.ARM.Collect$$rtentry$$00000000) refers (Special) to rtentry2.o(.ARM.Collect$$rtentry$$00000002) for __rt_entry_presh_1
    rtentry.o(.ARM.Collect$$rtentry$$00000000) refers (Special) to rtentry4.o(.ARM.Collect$$rtentry$$00000004) for __rt_entry_sh
    rtentry2.o(.ARM.Collect$$rtentry$$00000008) refers to boardinit2.o(.text) for _platform_post_stackheap_init
    rtentry2.o(.ARM.Collect$$rtentry$$0000000A) refers to libinit.o(.ARM.Collect$$libinit$$00000000) for __rt_lib_init
    rtentry2.o(.ARM.Collect$$rtentry$$0000000B) refers to boardinit3.o(.text) for _platform_post_lib_init
    rtentry2.o(.ARM.Collect$$rtentry$$0000000D) refers to main.o(.text) for main
    rtentry2.o(.ARM.Collect$$rtentry$$0000000D) refers to exit.o(.text) for exit
    rtentry2.o(.ARM.exidx) refers to rtentry2.o(.ARM.Collect$$rtentry$$00000001) for .ARM.Collect$$rtentry$$00000001
    rtentry2.o(.ARM.exidx) refers to rtentry2.o(.ARM.Collect$$rtentry$$00000008) for .ARM.Collect$$rtentry$$00000008
    rtentry2.o(.ARM.exidx) refers to rtentry2.o(.ARM.Collect$$rtentry$$0000000A) for .ARM.Collect$$rtentry$$0000000A
    rtentry2.o(.ARM.exidx) refers to rtentry2.o(.ARM.Collect$$rtentry$$0000000B) for .ARM.Collect$$rtentry$$0000000B
    rtentry2.o(.ARM.exidx) refers to rtentry2.o(.ARM.Collect$$rtentry$$0000000D) for .ARM.Collect$$rtentry$$0000000D
    rtentry4.o(.ARM.Collect$$rtentry$$00000004) refers to sys_stackheap_outer.o(.text) for __user_setup_stackheap
    rtentry4.o(.ARM.exidx) refers to rtentry4.o(.ARM.Collect$$rtentry$$00000004) for .ARM.Collect$$rtentry$$00000004
    sys_stackheap_outer.o(.text) refers to libspace.o(.text) for __user_perproc_libspace
    sys_stackheap_outer.o(.text) refers to stm32f10x_vector.o(.text) for __user_initial_stackheap
    exit.o(.text) refers to rtexit.o(.ARM.Collect$$rtexit$$00000000) for __rt_exit
    libinit.o(.ARM.Collect$$libinit$$00000000) refers (Special) to libinit2.o(.ARM.Collect$$libinit$$0000002C) for __rt_lib_init_alloca_1
    libinit.o(.ARM.Collect$$libinit$$00000000) refers (Special) to libinit2.o(.ARM.Collect$$libinit$$0000002A) for __rt_lib_init_argv_1
    libinit.o(.ARM.Collect$$libinit$$00000000) refers (Special) to libinit2.o(.ARM.Collect$$libinit$$00000019) for __rt_lib_init_atexit_1
    libinit.o(.ARM.Collect$$libinit$$00000000) refers (Special) to libinit2.o(.ARM.Collect$$libinit$$0000001F) for __rt_lib_init_clock_1
    libinit.o(.ARM.Collect$$libinit$$00000000) refers (Special) to libinit2.o(.ARM.Collect$$libinit$$00000030) for __rt_lib_init_cpp_1
    libinit.o(.ARM.Collect$$libinit$$00000000) refers (Special) to libinit2.o(.ARM.Collect$$libinit$$0000002E) for __rt_lib_init_exceptions_1
    libinit.o(.ARM.Collect$$libinit$$00000000) refers (Special) to libinit2.o(.ARM.Collect$$libinit$$00000002) for __rt_lib_init_fp_1
    libinit.o(.ARM.Collect$$libinit$$00000000) refers (Special) to libinit2.o(.ARM.Collect$$libinit$$0000001D) for __rt_lib_init_fp_trap_1
    libinit.o(.ARM.Collect$$libinit$$00000000) refers (Special) to libinit2.o(.ARM.Collect$$libinit$$00000021) for __rt_lib_init_getenv_1
    libinit.o(.ARM.Collect$$libinit$$00000000) refers (Special) to libinit2.o(.ARM.Collect$$libinit$$00000008) for __rt_lib_init_heap_1
    libinit.o(.ARM.Collect$$libinit$$00000000) refers (Special) to libinit2.o(.ARM.Collect$$libinit$$0000000F) for __rt_lib_init_lc_collate_1
    libinit.o(.ARM.Collect$$libinit$$00000000) refers (Special) to libinit2.o(.ARM.Collect$$libinit$$00000011) for __rt_lib_init_lc_ctype_1
    libinit.o(.ARM.Collect$$libinit$$00000000) refers (Special) to libinit2.o(.ARM.Collect$$libinit$$00000013) for __rt_lib_init_lc_monetary_1
    libinit.o(.ARM.Collect$$libinit$$00000000) refers (Special) to libinit2.o(.ARM.Collect$$libinit$$00000015) for __rt_lib_init_lc_numeric_1
    libinit.o(.ARM.Collect$$libinit$$00000000) refers (Special) to libinit2.o(.ARM.Collect$$libinit$$00000017) for __rt_lib_init_lc_time_1
    libinit.o(.ARM.Collect$$libinit$$00000000) refers (Special) to libinit2.o(.ARM.Collect$$libinit$$0000000C) for __rt_lib_init_rand_1
    libinit.o(.ARM.Collect$$libinit$$00000000) refers (Special) to libinit2.o(.ARM.Collect$$libinit$$00000031) for __rt_lib_init_return
    libinit.o(.ARM.Collect$$libinit$$00000000) refers (Special) to libinit2.o(.ARM.Collect$$libinit$$0000001B) for __rt_lib_init_signal_1
    libinit.o(.ARM.Collect$$libinit$$00000000) refers (Special) to libinit2.o(.ARM.Collect$$libinit$$00000023) for __rt_lib_init_stdio_1
    libinit.o(.ARM.Collect$$libinit$$00000000) refers (Special) to libinit2.o(.ARM.Collect$$libinit$$0000000A) for __rt_lib_init_user_alloc_1
    libspace.o(.text) refers to libspace.o(.bss) for __libspace_start
    rtexit.o(.ARM.Collect$$rtexit$$00000000) refers (Special) to rtexit2.o(.ARM.Collect$$rtexit$$00000004) for __rt_exit_exit
    rtexit.o(.ARM.Collect$$rtexit$$00000000) refers (Special) to rtexit2.o(.ARM.Collect$$rtexit$$00000003) for __rt_exit_ls
    rtexit.o(.ARM.Collect$$rtexit$$00000000) refers (Special) to rtexit2.o(.ARM.Collect$$rtexit$$00000002) for __rt_exit_prels_1
    rtexit.o(.ARM.exidx) refers (Special) to rtexit2.o(.ARM.Collect$$rtexit$$00000004) for __rt_exit_exit
    rtexit.o(.ARM.exidx) refers (Special) to rtexit2.o(.ARM.Collect$$rtexit$$00000003) for __rt_exit_ls
    rtexit.o(.ARM.exidx) refers (Special) to rtexit2.o(.ARM.Collect$$rtexit$$00000002) for __rt_exit_prels_1
    rtexit.o(.ARM.exidx) refers to rtexit.o(.ARM.Collect$$rtexit$$00000000) for .ARM.Collect$$rtexit$$00000000
    libinit2.o(.ARM.Collect$$libinit$$0000000E) refers to libinit2.o(.ARM.Collect$$libinit$$0000000D) for .ARM.Collect$$libinit$$0000000D
    libinit2.o(.ARM.Collect$$libinit$$00000010) refers to libinit2.o(.ARM.Collect$$libinit$$0000000D) for .ARM.Collect$$libinit$$0000000D
    libinit2.o(.ARM.Collect$$libinit$$00000012) refers to libinit2.o(.ARM.Collect$$libinit$$0000000D) for .ARM.Collect$$libinit$$0000000D
    libinit2.o(.ARM.Collect$$libinit$$00000014) refers to libinit2.o(.ARM.Collect$$libinit$$0000000D) for .ARM.Collect$$libinit$$0000000D
    libinit2.o(.ARM.Collect$$libinit$$00000016) refers to libinit2.o(.ARM.Collect$$libinit$$0000000D) for .ARM.Collect$$libinit$$0000000D
    libinit2.o(.ARM.Collect$$libinit$$00000024) refers to argv_veneer.o(.emb_text) for __ARM_argv_veneer
    libinit2.o(.ARM.Collect$$libinit$$00000025) refers to argv_veneer.o(.emb_text) for __ARM_argv_veneer
    rtexit2.o(.ARM.Collect$$rtexit$$00000003) refers to libshutdown.o(.ARM.Collect$$libshutdown$$00000000) for __rt_lib_shutdown
    rtexit2.o(.ARM.Collect$$rtexit$$00000004) refers to sys_exit.o(.text) for _sys_exit
    rtexit2.o(.ARM.exidx) refers to rtexit2.o(.ARM.Collect$$rtexit$$00000001) for .ARM.Collect$$rtexit$$00000001
    rtexit2.o(.ARM.exidx) refers to rtexit2.o(.ARM.Collect$$rtexit$$00000003) for .ARM.Collect$$rtexit$$00000003
    rtexit2.o(.ARM.exidx) refers to rtexit2.o(.ARM.Collect$$rtexit$$00000004) for .ARM.Collect$$rtexit$$00000004
    argv_veneer.o(.emb_text) refers to no_argv.o(.text) for __ARM_get_argv
    sys_exit.o(.text) refers (Special) to use_no_semi.o(.text) for __I$use$semihosting
    sys_exit.o(.text) refers (Special) to indicate_semi.o(.text) for __semihosting_library_function
    _get_argv_nomalloc.o(.text) refers (Special) to hrguard.o(.text) for __heap_region$guard
    _get_argv_nomalloc.o(.text) refers to defsig_rtmem_outer.o(.text) for __rt_SIGRTMEM
    _get_argv_nomalloc.o(.text) refers to sys_command.o(.text) for _sys_command_string
    libshutdown.o(.ARM.Collect$$libshutdown$$00000000) refers (Special) to libshutdown2.o(.ARM.Collect$$libshutdown$$00000006) for __rt_lib_shutdown_fp_trap_1
    libshutdown.o(.ARM.Collect$$libshutdown$$00000000) refers (Special) to libshutdown2.o(.ARM.Collect$$libshutdown$$0000000E) for __rt_lib_shutdown_heap_1
    libshutdown.o(.ARM.Collect$$libshutdown$$00000000) refers (Special) to libshutdown2.o(.ARM.Collect$$libshutdown$$0000000F) for __rt_lib_shutdown_return
    libshutdown.o(.ARM.Collect$$libshutdown$$00000000) refers (Special) to libshutdown2.o(.ARM.Collect$$libshutdown$$00000009) for __rt_lib_shutdown_signal_1
    libshutdown.o(.ARM.Collect$$libshutdown$$00000000) refers (Special) to libshutdown2.o(.ARM.Collect$$libshutdown$$00000003) for __rt_lib_shutdown_stdio_1
    libshutdown.o(.ARM.Collect$$libshutdown$$00000000) refers (Special) to libshutdown2.o(.ARM.Collect$$libshutdown$$0000000B) for __rt_lib_shutdown_user_alloc_1
    sys_command.o(.text) refers (Special) to use_no_semi.o(.text) for __I$use$semihosting
    sys_command.o(.text) refers (Special) to indicate_semi.o(.text) for __semihosting_library_function
    defsig_rtmem_outer.o(.text) refers to defsig_rtmem_inner.o(.text) for __rt_SIGRTMEM_inner
    defsig_rtmem_outer.o(.text) refers to defsig_exit.o(.text) for __sig_exit
    defsig_rtmem_formal.o(.text) refers to rt_raise.o(.text) for __rt_raise
    rt_raise.o(.text) refers to __raise.o(.text) for __raise
    rt_raise.o(.text) refers to sys_exit.o(.text) for _sys_exit
    defsig_exit.o(.text) refers to sys_exit.o(.text) for _sys_exit
    defsig_rtmem_inner.o(.text) refers to defsig_general.o(.text) for __default_signal_display
    __raise.o(.text) refers to defsig.o(CL$$defsig) for __default_signal_handler
    defsig_general.o(.text) refers to sys_wrch.o(.text) for _ttywrch
    sys_wrch.o(.text) refers (Special) to use_no_semi.o(.text) for __I$use$semihosting
    sys_wrch.o(.text) refers (Special) to indicate_semi.o(.text) for __semihosting_library_function
    defsig.o(CL$$defsig) refers to defsig_rtmem_inner.o(.text) for __rt_SIGRTMEM_inner
    defsig_abrt_inner.o(.text) refers to defsig_general.o(.text) for __default_signal_display
    defsig_fpe_inner.o(.text) refers to defsig_general.o(.text) for __default_signal_display
    defsig_rtred_inner.o(.text) refers to defsig_general.o(.text) for __default_signal_display
    defsig_stak_inner.o(.text) refers to defsig_general.o(.text) for __default_signal_display
    defsig_pvfn_inner.o(.text) refers to defsig_general.o(.text) for __default_signal_display
    defsig_cppl_inner.o(.text) refers to defsig_general.o(.text) for __default_signal_display
    defsig_segv_inner.o(.text) refers to defsig_general.o(.text) for __default_signal_display
    defsig_other.o(.text) refers to defsig_general.o(.text) for __default_signal_display


==============================================================================

Image Symbol Table

    Local Symbols

    Symbol Name                              Value     Ov Type        Size  Object(Section)

    ../clib/angel/boardlib.s                 0x00000000   Number         0  boardshut.o ABSOLUTE
    ../clib/angel/boardlib.s                 0x00000000   Number         0  boardinit3.o ABSOLUTE
    ../clib/angel/boardlib.s                 0x00000000   Number         0  boardinit2.o ABSOLUTE
    ../clib/angel/boardlib.s                 0x00000000   Number         0  boardinit1.o ABSOLUTE
    ../clib/angel/handlers.s                 0x00000000   Number         0  __scatter_zi.o ABSOLUTE
    ../clib/angel/handlers.s                 0x00000000   Number         0  __scatter_copy.o ABSOLUTE
    ../clib/angel/kernel.s                   0x00000000   Number         0  rtentry4.o ABSOLUTE
    ../clib/angel/kernel.s                   0x00000000   Number         0  rtexit.o ABSOLUTE
    ../clib/angel/kernel.s                   0x00000000   Number         0  rtentry2.o ABSOLUTE
    ../clib/angel/kernel.s                   0x00000000   Number         0  rtentry.o ABSOLUTE
    ../clib/angel/kernel.s                   0x00000000   Number         0  rtexit2.o ABSOLUTE
    ../clib/angel/rt.s                       0x00000000   Number         0  rt_raise.o ABSOLUTE
    ../clib/angel/scatter.s                  0x00000000   Number         0  __scatter.o ABSOLUTE
    ../clib/angel/startup.s                  0x00000000   Number         0  __main.o ABSOLUTE
    ../clib/angel/sys.s                      0x00000000   Number         0  libspace.o ABSOLUTE
    ../clib/angel/sys.s                      0x00000000   Number         0  use_no_semi.o ABSOLUTE
    ../clib/angel/sys.s                      0x00000000   Number         0  sys_stackheap_outer.o ABSOLUTE
    ../clib/angel/sys.s                      0x00000000   Number         0  indicate_semi.o ABSOLUTE
    ../clib/angel/sysapp.c                   0x00000000   Number         0  sys_command.o ABSOLUTE
    ../clib/angel/sysapp.c                   0x00000000   Number         0  sys_exit.o ABSOLUTE
    ../clib/angel/sysapp.c                   0x00000000   Number         0  sys_wrch.o ABSOLUTE
    ../clib/armsys.c                         0x00000000   Number         0  no_argv.o ABSOLUTE
    ../clib/armsys.c                         0x00000000   Number         0  _get_argv_nomalloc.o ABSOLUTE
    ../clib/armsys.c                         0x00000000   Number         0  argv_veneer.o ABSOLUTE
    ../clib/armsys.c                         0x00000000   Number         0  argv_veneer.o ABSOLUTE
    ../clib/heapalloc.c                      0x00000000   Number         0  hrguard.o ABSOLUTE
    ../clib/heapaux.c                        0x00000000   Number         0  heapauxi.o ABSOLUTE
    ../clib/libinit.s                        0x00000000   Number         0  libshutdown2.o ABSOLUTE
    ../clib/libinit.s                        0x00000000   Number         0  libinit2.o ABSOLUTE
    ../clib/libinit.s                        0x00000000   Number         0  libinit.o ABSOLUTE
    ../clib/libinit.s                        0x00000000   Number         0  libshutdown.o ABSOLUTE
    ../clib/signal.c                         0x00000000   Number         0  defsig_abrt_inner.o ABSOLUTE
    ../clib/signal.c                         0x00000000   Number         0  defsig_rtred_inner.o ABSOLUTE
    ../clib/signal.c                         0x00000000   Number         0  __raise.o ABSOLUTE
    ../clib/signal.c                         0x00000000   Number         0  defsig_stak_inner.o ABSOLUTE
    ../clib/signal.c                         0x00000000   Number         0  defsig_exit.o ABSOLUTE
    ../clib/signal.c                         0x00000000   Number         0  defsig_pvfn_inner.o ABSOLUTE
    ../clib/signal.c                         0x00000000   Number         0  defsig_cppl_inner.o ABSOLUTE
    ../clib/signal.c                         0x00000000   Number         0  defsig_rtmem_formal.o ABSOLUTE
    ../clib/signal.c                         0x00000000   Number         0  defsig_rtmem_outer.o ABSOLUTE
    ../clib/signal.c                         0x00000000   Number         0  defsig_segv_inner.o ABSOLUTE
    ../clib/signal.c                         0x00000000   Number         0  defsig_fpe_inner.o ABSOLUTE
    ../clib/signal.c                         0x00000000   Number         0  defsig_other.o ABSOLUTE
    ../clib/signal.c                         0x00000000   Number         0  defsig_general.o ABSOLUTE
    ../clib/signal.c                         0x00000000   Number         0  defsig_rtmem_inner.o ABSOLUTE
    ../clib/signal.s                         0x00000000   Number         0  defsig.o ABSOLUTE
    ../clib/stdlib.c                         0x00000000   Number         0  exit.o ABSOLUTE
    ../fplib/fpinit.s                        0x00000000   Number         0  fpinit.o ABSOLUTE
    Source/FWLib/src/stm32f10x_flash.c       0x00000000   Number         0  stm32f10x_flash.o ABSOLUTE
    Source/FWLib/src/stm32f10x_gpio.c        0x00000000   Number         0  stm32f10x_gpio.o ABSOLUTE
    Source/FWLib/src/stm32f10x_nvic.c        0x00000000   Number         0  stm32f10x_nvic.o ABSOLUTE
    Source/FWLib/src/stm32f10x_rcc.c         0x00000000   Number         0  stm32f10x_rcc.o ABSOLUTE
    Source/Startup/cortexm3_macro.s          0x00000000   Number         0  cortexm3_macro.o ABSOLUTE
    Source/Startup/stm32f10x_vector.s        0x00000000   Number         0  stm32f10x_vector.o ABSOLUTE
    Source/main.c                            0x00000000   Number         0  main.o ABSOLUTE
    Source/stm32f10x_it.c                    0x00000000   Number         0  stm32f10x_it.o ABSOLUTE
    dc.s                                     0x00000000   Number         0  dc.o ABSOLUTE
    RESET                                    0x08000000   Section      304  stm32f10x_vector.o(RESET)
    !!!main                                  0x08000130   Section        8  __main.o(!!!main)
    !!!scatter                               0x08000138   Section       52  __scatter.o(!!!scatter)
    !!handler_copy                           0x0800016c   Section       26  __scatter_copy.o(!!handler_copy)
    !!handler_zi                             0x08000188   Section       28  __scatter_zi.o(!!handler_zi)
    .ARM.Collect$$libinit$$00000000          0x080001a4   Section        2  libinit.o(.ARM.Collect$$libinit$$00000000)
    .ARM.Collect$$libinit$$00000002          0x080001a6   Section        0  libinit2.o(.ARM.Collect$$libinit$$00000002)
    .ARM.Collect$$libinit$$00000008          0x080001a6   Section        0  libinit2.o(.ARM.Collect$$libinit$$00000008)
    .ARM.Collect$$libinit$$0000000A          0x080001a6   Section        0  libinit2.o(.ARM.Collect$$libinit$$0000000A)
    .ARM.Collect$$libinit$$0000000C          0x080001a6   Section        0  libinit2.o(.ARM.Collect$$libinit$$0000000C)
    .ARM.Collect$$libinit$$0000000F          0x080001a6   Section        0  libinit2.o(.ARM.Collect$$libinit$$0000000F)
    .ARM.Collect$$libinit$$00000011          0x080001a6   Section        0  libinit2.o(.ARM.Collect$$libinit$$00000011)
    .ARM.Collect$$libinit$$00000013          0x080001a6   Section        0  libinit2.o(.ARM.Collect$$libinit$$00000013)
    .ARM.Collect$$libinit$$00000015          0x080001a6   Section        0  libinit2.o(.ARM.Collect$$libinit$$00000015)
    .ARM.Collect$$libinit$$00000017          0x080001a6   Section        0  libinit2.o(.ARM.Collect$$libinit$$00000017)
    .ARM.Collect$$libinit$$00000019          0x080001a6   Section        0  libinit2.o(.ARM.Collect$$libinit$$00000019)
    .ARM.Collect$$libinit$$0000001B          0x080001a6   Section        0  libinit2.o(.ARM.Collect$$libinit$$0000001B)
    .ARM.Collect$$libinit$$0000001D          0x080001a6   Section        0  libinit2.o(.ARM.Collect$$libinit$$0000001D)
    .ARM.Collect$$libinit$$0000001F          0x080001a6   Section        0  libinit2.o(.ARM.Collect$$libinit$$0000001F)
    .ARM.Collect$$libinit$$00000021          0x080001a6   Section        0  libinit2.o(.ARM.Collect$$libinit$$00000021)
    .ARM.Collect$$libinit$$00000023          0x080001a6   Section        0  libinit2.o(.ARM.Collect$$libinit$$00000023)
    .ARM.Collect$$libinit$$0000002A          0x080001a6   Section        0  libinit2.o(.ARM.Collect$$libinit$$0000002A)
    .ARM.Collect$$libinit$$0000002C          0x080001a6   Section        0  libinit2.o(.ARM.Collect$$libinit$$0000002C)
    .ARM.Collect$$libinit$$0000002E          0x080001a6   Section        0  libinit2.o(.ARM.Collect$$libinit$$0000002E)
    .ARM.Collect$$libinit$$00000030          0x080001a6   Section        0  libinit2.o(.ARM.Collect$$libinit$$00000030)
    .ARM.Collect$$libinit$$00000031          0x080001a6   Section        2  libinit2.o(.ARM.Collect$$libinit$$00000031)
    .ARM.Collect$$libshutdown$$00000000      0x080001a8   Section        2  libshutdown.o(.ARM.Collect$$libshutdown$$00000000)
    .ARM.Collect$$libshutdown$$00000003      0x080001aa   Section        0  libshutdown2.o(.ARM.Collect$$libshutdown$$00000003)
    .ARM.Collect$$libshutdown$$00000006      0x080001aa   Section        0  libshutdown2.o(.ARM.Collect$$libshutdown$$00000006)
    .ARM.Collect$$libshutdown$$00000009      0x080001aa   Section        0  libshutdown2.o(.ARM.Collect$$libshutdown$$00000009)
    .ARM.Collect$$libshutdown$$0000000B      0x080001aa   Section        0  libshutdown2.o(.ARM.Collect$$libshutdown$$0000000B)
    .ARM.Collect$$libshutdown$$0000000E      0x080001aa   Section        0  libshutdown2.o(.ARM.Collect$$libshutdown$$0000000E)
    .ARM.Collect$$libshutdown$$0000000F      0x080001aa   Section        2  libshutdown2.o(.ARM.Collect$$libshutdown$$0000000F)
    .ARM.Collect$$rtentry$$00000000          0x080001ac   Section        0  rtentry.o(.ARM.Collect$$rtentry$$00000000)
    .ARM.Collect$$rtentry$$00000002          0x080001ac   Section        0  rtentry2.o(.ARM.Collect$$rtentry$$00000002)
    .ARM.Collect$$rtentry$$00000004          0x080001ac   Section        6  rtentry4.o(.ARM.Collect$$rtentry$$00000004)
    .ARM.Collect$$rtentry$$00000009          0x080001b2   Section        0  rtentry2.o(.ARM.Collect$$rtentry$$00000009)
    .ARM.Collect$$rtentry$$0000000A          0x080001b2   Section        4  rtentry2.o(.ARM.Collect$$rtentry$$0000000A)
    .ARM.Collect$$rtentry$$0000000C          0x080001b6   Section        0  rtentry2.o(.ARM.Collect$$rtentry$$0000000C)
    .ARM.Collect$$rtentry$$0000000D          0x080001b6   Section        8  rtentry2.o(.ARM.Collect$$rtentry$$0000000D)
    .ARM.Collect$$rtexit$$00000000           0x080001be   Section        2  rtexit.o(.ARM.Collect$$rtexit$$00000000)
    .ARM.Collect$$rtexit$$00000002           0x080001c0   Section        0  rtexit2.o(.ARM.Collect$$rtexit$$00000002)
    .ARM.Collect$$rtexit$$00000003           0x080001c0   Section        4  rtexit2.o(.ARM.Collect$$rtexit$$00000003)
    .ARM.Collect$$rtexit$$00000004           0x080001c4   Section        6  rtexit2.o(.ARM.Collect$$rtexit$$00000004)
    .text                                    0x080001cc   Section        0  main.o(.text)
    .text                                    0x0800038c   Section        0  stm32f10x_it.o(.text)
    .text                                    0x08000420   Section        0  stm32f10x_flash.o(.text)
    .text                                    0x08000468   Section        0  stm32f10x_gpio.o(.text)
    .text                                    0x08000794   Section        0  stm32f10x_nvic.o(.text)
    .text                                    0x08000b6c   Section        0  stm32f10x_rcc.o(.text)
    .text                                    0x08000f1c   Section      122  cortexm3_macro.o(.text)
    .text                                    0x08000f98   Section       36  stm32f10x_vector.o(.text)
    .text                                    0x08000fbc   Section        0  heapauxi.o(.text)
    .text                                    0x08000fc2   Section       74  sys_stackheap_outer.o(.text)
    .text                                    0x0800100c   Section        0  exit.o(.text)
    .text                                    0x08001018   Section        8  libspace.o(.text)
    .text                                    0x08001020   Section        0  sys_exit.o(.text)
    .text                                    0x0800102c   Section        2  use_no_semi.o(.text)
    .constdata                               0x0800102e   Section       20  stm32f10x_rcc.o(.constdata)
    .text                                    0x0800102e   Section        0  indicate_semi.o(.text)
    APBAHBPrescTable                         0x0800102e   Data          16  stm32f10x_rcc.o(.constdata)
    ADCPrescTable                            0x0800103e   Data           4  stm32f10x_rcc.o(.constdata)
    .data                                    0x20000000   Section        6  main.o(.data)
    .data                                    0x20000008   Section        8  stm32f10x_rcc.o(.data)
    HSEStatus                                0x20000008   Data           1  stm32f10x_rcc.o(.data)
    StartUpCounter                           0x2000000c   Data           4  stm32f10x_rcc.o(.data)
    .bss                                     0x20000010   Section       96  libspace.o(.bss)
    HEAP                                     0x20000070   Section     1024  stm32f10x_vector.o(HEAP)
    Heap_Mem                                 0x20000070   Data        1024  stm32f10x_vector.o(HEAP)
    STACK                                    0x20000470   Section     1024  stm32f10x_vector.o(STACK)
    Stack_Mem                                0x20000470   Data        1024  stm32f10x_vector.o(STACK)
    __initial_sp                             0x20000870   Data           0  stm32f10x_vector.o(STACK)

    Global Symbols

    Symbol Name                              Value     Ov Type        Size  Object(Section)

    BuildAttributes$$THM_ISAv4$P$D$K$B$S$PE$A:L22UL41UL21$X:L11$S22US41US21$IEEE1$IW$USESV6$~STKCKD$USESV7$~SHL$OSPACE$ROPI$EBA8$UX$STANDARDLIB$REQ8$PRES8$EABIv2 0x00000000   Number         0  anon$$obj.o ABSOLUTE
    __ARM_use_no_argv                        0x00000000   Number         0  main.o ABSOLUTE
    __ARM_exceptions_init                     - Undefined Weak Reference
    __alloca_initialize                       - Undefined Weak Reference
    __cpp_initialize__aeabi_                  - Undefined Weak Reference
    __cxa_finalize                            - Undefined Weak Reference
    __rt_locale                               - Undefined Weak Reference
    __sigvec_lookup                           - Undefined Weak Reference
    _atexit_init                              - Undefined Weak Reference
    _call_atexit_fns                          - Undefined Weak Reference
    _clock_init                               - Undefined Weak Reference
    _fp_trap_init                             - Undefined Weak Reference
    _fp_trap_shutdown                         - Undefined Weak Reference
    _get_lc_collate                           - Undefined Weak Reference
    _get_lc_ctype                             - Undefined Weak Reference
    _get_lc_monetary                          - Undefined Weak Reference
    _get_lc_numeric                           - Undefined Weak Reference
    _get_lc_time                              - Undefined Weak Reference
    _getenv_init                              - Undefined Weak Reference
    _handle_redirection                       - Undefined Weak Reference
    _init_alloc                               - Undefined Weak Reference
    _init_user_alloc                          - Undefined Weak Reference
    _initio                                   - Undefined Weak Reference
    _rand_init                                - Undefined Weak Reference
    _signal_finish                            - Undefined Weak Reference
    _signal_init                              - Undefined Weak Reference
    _terminate_alloc                          - Undefined Weak Reference
    _terminate_user_alloc                     - Undefined Weak Reference
    _terminateio                              - Undefined Weak Reference
    __Vectors                                0x08000000   Data           4  stm32f10x_vector.o(RESET)
    __main                                   0x08000131   Thumb Code     8  __main.o(!!!main)
    __scatterload                            0x08000139   Thumb Code     0  __scatter.o(!!!scatter)
    __scatterload_rt2                        0x08000139   Thumb Code    44  __scatter.o(!!!scatter)
    __scatterload_rt2_thumb_only             0x08000139   Thumb Code     0  __scatter.o(!!!scatter)
    __scatterload_null                       0x08000147   Thumb Code     0  __scatter.o(!!!scatter)
    __scatterload_copy                       0x0800016d   Thumb Code    26  __scatter_copy.o(!!handler_copy)
    __scatterload_zeroinit                   0x08000189   Thumb Code    28  __scatter_zi.o(!!handler_zi)
    __rt_lib_init                            0x080001a5   Thumb Code     0  libinit.o(.ARM.Collect$$libinit$$00000000)
    __rt_lib_init_alloca_1                   0x080001a7   Thumb Code     0  libinit2.o(.ARM.Collect$$libinit$$0000002C)
    __rt_lib_init_argv_1                     0x080001a7   Thumb Code     0  libinit2.o(.ARM.Collect$$libinit$$0000002A)
    __rt_lib_init_atexit_1                   0x080001a7   Thumb Code     0  libinit2.o(.ARM.Collect$$libinit$$00000019)
    __rt_lib_init_clock_1                    0x080001a7   Thumb Code     0  libinit2.o(.ARM.Collect$$libinit$$0000001F)
    __rt_lib_init_cpp_1                      0x080001a7   Thumb Code     0  libinit2.o(.ARM.Collect$$libinit$$00000030)
    __rt_lib_init_exceptions_1               0x080001a7   Thumb Code     0  libinit2.o(.ARM.Collect$$libinit$$0000002E)
    __rt_lib_init_fp_1                       0x080001a7   Thumb Code     0  libinit2.o(.ARM.Collect$$libinit$$00000002)
    __rt_lib_init_fp_trap_1                  0x080001a7   Thumb Code     0  libinit2.o(.ARM.Collect$$libinit$$0000001D)
    __rt_lib_init_getenv_1                   0x080001a7   Thumb Code     0  libinit2.o(.ARM.Collect$$libinit$$00000021)
    __rt_lib_init_heap_1                     0x080001a7   Thumb Code     0  libinit2.o(.ARM.Collect$$libinit$$00000008)
    __rt_lib_init_lc_collate_1               0x080001a7   Thumb Code     0  libinit2.o(.ARM.Collect$$libinit$$0000000F)
    __rt_lib_init_lc_ctype_1                 0x080001a7   Thumb Code     0  libinit2.o(.ARM.Collect$$libinit$$00000011)
    __rt_lib_init_lc_monetary_1              0x080001a7   Thumb Code     0  libinit2.o(.ARM.Collect$$libinit$$00000013)
    __rt_lib_init_lc_numeric_1               0x080001a7   Thumb Code     0  libinit2.o(.ARM.Collect$$libinit$$00000015)
    __rt_lib_init_lc_time_1                  0x080001a7   Thumb Code     0  libinit2.o(.ARM.Collect$$libinit$$00000017)
    __rt_lib_init_rand_1                     0x080001a7   Thumb Code     0  libinit2.o(.ARM.Collect$$libinit$$0000000C)
    __rt_lib_init_return                     0x080001a7   Thumb Code     0  libinit2.o(.ARM.Collect$$libinit$$00000031)
    __rt_lib_init_signal_1                   0x080001a7   Thumb Code     0  libinit2.o(.ARM.Collect$$libinit$$0000001B)
    __rt_lib_init_stdio_1                    0x080001a7   Thumb Code     0  libinit2.o(.ARM.Collect$$libinit$$00000023)
    __rt_lib_init_user_alloc_1               0x080001a7   Thumb Code     0  libinit2.o(.ARM.Collect$$libinit$$0000000A)
    __rt_lib_shutdown                        0x080001a9   Thumb Code     0  libshutdown.o(.ARM.Collect$$libshutdown$$00000000)
    __rt_lib_shutdown_fp_trap_1              0x080001ab   Thumb Code     0  libshutdown2.o(.ARM.Collect$$libshutdown$$00000006)
    __rt_lib_shutdown_heap_1                 0x080001ab   Thumb Code     0  libshutdown2.o(.ARM.Collect$$libshutdown$$0000000E)
    __rt_lib_shutdown_return                 0x080001ab   Thumb Code     0  libshutdown2.o(.ARM.Collect$$libshutdown$$0000000F)
    __rt_lib_shutdown_signal_1               0x080001ab   Thumb Code     0  libshutdown2.o(.ARM.Collect$$libshutdown$$00000009)
    __rt_lib_shutdown_stdio_1                0x080001ab   Thumb Code     0  libshutdown2.o(.ARM.Collect$$libshutdown$$00000003)
    __rt_lib_shutdown_user_alloc_1           0x080001ab   Thumb Code     0  libshutdown2.o(.ARM.Collect$$libshutdown$$0000000B)
    __rt_entry                               0x080001ad   Thumb Code     0  rtentry.o(.ARM.Collect$$rtentry$$00000000)
    __rt_entry_presh_1                       0x080001ad   Thumb Code     0  rtentry2.o(.ARM.Collect$$rtentry$$00000002)
    __rt_entry_sh                            0x080001ad   Thumb Code     0  rtentry4.o(.ARM.Collect$$rtentry$$00000004)
    __rt_entry_li                            0x080001b3   Thumb Code     0  rtentry2.o(.ARM.Collect$$rtentry$$0000000A)
    __rt_entry_postsh_1                      0x080001b3   Thumb Code     0  rtentry2.o(.ARM.Collect$$rtentry$$00000009)
    __rt_entry_main                          0x080001b7   Thumb Code     0  rtentry2.o(.ARM.Collect$$rtentry$$0000000D)
    __rt_entry_postli_1                      0x080001b7   Thumb Code     0  rtentry2.o(.ARM.Collect$$rtentry$$0000000C)
    __rt_exit                                0x080001bf   Thumb Code     0  rtexit.o(.ARM.Collect$$rtexit$$00000000)
    __rt_exit_ls                             0x080001c1   Thumb Code     0  rtexit2.o(.ARM.Collect$$rtexit$$00000003)
    __rt_exit_prels_1                        0x080001c1   Thumb Code     0  rtexit2.o(.ARM.Collect$$rtexit$$00000002)
    __rt_exit_exit                           0x080001c5   Thumb Code     0  rtexit2.o(.ARM.Collect$$rtexit$$00000004)
    Delay                                    0x080001cd   Thumb Code    18  main.o(.text)
    NVIC_Configuration                       0x080001df   Thumb Code    14  main.o(.text)
    RCC_Configuration                        0x080001ed   Thumb Code   110  main.o(.text)
    main                                     0x0800025b   Thumb Code   260  main.o(.text)
    NMIException                             0x0800038d   Thumb Code     2  stm32f10x_it.o(.text)
    HardFaultException                       0x0800038f   Thumb Code     4  stm32f10x_it.o(.text)
    MemManageException                       0x08000393   Thumb Code     4  stm32f10x_it.o(.text)
    BusFaultException                        0x08000397   Thumb Code     4  stm32f10x_it.o(.text)
    UsageFaultException                      0x0800039b   Thumb Code     4  stm32f10x_it.o(.text)
    DebugMonitor                             0x0800039f   Thumb Code     2  stm32f10x_it.o(.text)
    SVCHandler                               0x080003a1   Thumb Code     2  stm32f10x_it.o(.text)
    PendSVC                                  0x080003a3   Thumb Code     2  stm32f10x_it.o(.text)
    SysTickHandler                           0x080003a5   Thumb Code     2  stm32f10x_it.o(.text)
    WWDG_IRQHandler                          0x080003a7   Thumb Code     2  stm32f10x_it.o(.text)
    PVD_IRQHandler                           0x080003a9   Thumb Code     2  stm32f10x_it.o(.text)
    TAMPER_IRQHandler                        0x080003ab   Thumb Code     2  stm32f10x_it.o(.text)
    RTC_IRQHandler                           0x080003ad   Thumb Code     2  stm32f10x_it.o(.text)
    FLASH_IRQHandler                         0x080003af   Thumb Code     2  stm32f10x_it.o(.text)
    RCC_IRQHandler                           0x080003b1   Thumb Code     2  stm32f10x_it.o(.text)
    EXTI0_IRQHandler                         0x080003b3   Thumb Code     2  stm32f10x_it.o(.text)
    EXTI1_IRQHandler                         0x080003b5   Thumb Code     2  stm32f10x_it.o(.text)
    EXTI2_IRQHandler                         0x080003b7   Thumb Code     2  stm32f10x_it.o(.text)
    EXTI3_IRQHandler                         0x080003b9   Thumb Code     2  stm32f10x_it.o(.text)
    EXTI4_IRQHandler                         0x080003bb   Thumb Code     2  stm32f10x_it.o(.text)
    DMA1_Channel1_IRQHandler                 0x080003bd   Thumb Code     2  stm32f10x_it.o(.text)
    DMA1_Channel2_IRQHandler                 0x080003bf   Thumb Code     2  stm32f10x_it.o(.text)
    DMA1_Channel3_IRQHandler                 0x080003c1   Thumb Code     2  stm32f10x_it.o(.text)
    DMA1_Channel4_IRQHandler                 0x080003c3   Thumb Code     2  stm32f10x_it.o(.text)
    DMA1_Channel5_IRQHandler                 0x080003c5   Thumb Code     2  stm32f10x_it.o(.text)
    DMA1_Channel6_IRQHandler                 0x080003c7   Thumb Code     2  stm32f10x_it.o(.text)
    DMA1_Channel7_IRQHandler                 0x080003c9   Thumb Code     2  stm32f10x_it.o(.text)
    ADC1_2_IRQHandler                        0x080003cb   Thumb Code     2  stm32f10x_it.o(.text)
    USB_HP_CAN_TX_IRQHandler                 0x080003cd   Thumb Code     2  stm32f10x_it.o(.text)
    USB_LP_CAN_RX0_IRQHandler                0x080003cf   Thumb Code     2  stm32f10x_it.o(.text)
    CAN_RX1_IRQHandler                       0x080003d1   Thumb Code     2  stm32f10x_it.o(.text)
    CAN_SCE_IRQHandler                       0x080003d3   Thumb Code     2  stm32f10x_it.o(.text)
    EXTI9_5_IRQHandler                       0x080003d5   Thumb Code     2  stm32f10x_it.o(.text)
    TIM1_BRK_IRQHandler                      0x080003d7   Thumb Code     2  stm32f10x_it.o(.text)
    TIM1_UP_IRQHandler                       0x080003d9   Thumb Code     2  stm32f10x_it.o(.text)
    TIM1_TRG_COM_IRQHandler                  0x080003db   Thumb Code     2  stm32f10x_it.o(.text)
    TIM1_CC_IRQHandler                       0x080003dd   Thumb Code     2  stm32f10x_it.o(.text)
    TIM2_IRQHandler                          0x080003df   Thumb Code     2  stm32f10x_it.o(.text)
    TIM3_IRQHandler                          0x080003e1   Thumb Code     2  stm32f10x_it.o(.text)
    TIM4_IRQHandler                          0x080003e3   Thumb Code     2  stm32f10x_it.o(.text)
    I2C1_EV_IRQHandler                       0x080003e5   Thumb Code     2  stm32f10x_it.o(.text)
    I2C1_ER_IRQHandler                       0x080003e7   Thumb Code     2  stm32f10x_it.o(.text)
    I2C2_EV_IRQHandler                       0x080003e9   Thumb Code     2  stm32f10x_it.o(.text)
    I2C2_ER_IRQHandler                       0x080003eb   Thumb Code     2  stm32f10x_it.o(.text)
    SPI1_IRQHandler                          0x080003ed   Thumb Code     2  stm32f10x_it.o(.text)
    SPI2_IRQHandler                          0x080003ef   Thumb Code     2  stm32f10x_it.o(.text)
    USART1_IRQHandler                        0x080003f1   Thumb Code     2  stm32f10x_it.o(.text)
    USART2_IRQHandler                        0x080003f3   Thumb Code     2  stm32f10x_it.o(.text)
    USART3_IRQHandler                        0x080003f5   Thumb Code     2  stm32f10x_it.o(.text)
    EXTI15_10_IRQHandler                     0x080003f7   Thumb Code     2  stm32f10x_it.o(.text)
    RTCAlarm_IRQHandler                      0x080003f9   Thumb Code     2  stm32f10x_it.o(.text)
    USBWakeUp_IRQHandler                     0x080003fb   Thumb Code     2  stm32f10x_it.o(.text)
    TIM8_BRK_IRQHandler                      0x080003fd   Thumb Code     2  stm32f10x_it.o(.text)
    TIM8_UP_IRQHandler                       0x080003ff   Thumb Code     2  stm32f10x_it.o(.text)
    TIM8_TRG_COM_IRQHandler                  0x08000401   Thumb Code     2  stm32f10x_it.o(.text)
    TIM8_CC_IRQHandler                       0x08000403   Thumb Code     2  stm32f10x_it.o(.text)
    ADC3_IRQHandler                          0x08000405   Thumb Code     2  stm32f10x_it.o(.text)
    FSMC_IRQHandler                          0x08000407   Thumb Code     2  stm32f10x_it.o(.text)
    SDIO_IRQHandler                          0x08000409   Thumb Code     2  stm32f10x_it.o(.text)
    TIM5_IRQHandler                          0x0800040b   Thumb Code     2  stm32f10x_it.o(.text)
    SPI3_IRQHandler                          0x0800040d   Thumb Code     2  stm32f10x_it.o(.text)
    UART4_IRQHandler                         0x0800040f   Thumb Code     2  stm32f10x_it.o(.text)
    UART5_IRQHandler                         0x08000411   Thumb Code     2  stm32f10x_it.o(.text)
    TIM6_IRQHandler                          0x08000413   Thumb Code     2  stm32f10x_it.o(.text)
    TIM7_IRQHandler                          0x08000415   Thumb Code     2  stm32f10x_it.o(.text)
    DMA2_Channel1_IRQHandler                 0x08000417   Thumb Code     2  stm32f10x_it.o(.text)
    DMA2_Channel2_IRQHandler                 0x08000419   Thumb Code     2  stm32f10x_it.o(.text)
    DMA2_Channel3_IRQHandler                 0x0800041b   Thumb Code     2  stm32f10x_it.o(.text)
    DMA2_Channel4_5_IRQHandler               0x0800041d   Thumb Code     2  stm32f10x_it.o(.text)
    FLASH_SetLatency                         0x08000421   Thumb Code    22  stm32f10x_flash.o(.text)
    FLASH_HalfCycleAccessCmd                 0x08000437   Thumb Code    22  stm32f10x_flash.o(.text)
    FLASH_PrefetchBufferCmd                  0x0800044d   Thumb Code    22  stm32f10x_flash.o(.text)
    GPIO_DeInit                              0x08000469   Thumb Code   188  stm32f10x_gpio.o(.text)
    GPIO_AFIODeInit                          0x08000525   Thumb Code    20  stm32f10x_gpio.o(.text)
    GPIO_Init                                0x08000539   Thumb Code   276  stm32f10x_gpio.o(.text)
    GPIO_StructInit                          0x0800064d   Thumb Code    16  stm32f10x_gpio.o(.text)
    GPIO_ReadInputDataBit                    0x0800065d   Thumb Code    18  stm32f10x_gpio.o(.text)
    GPIO_ReadInputData                       0x0800066f   Thumb Code     8  stm32f10x_gpio.o(.text)
    GPIO_ReadOutputDataBit                   0x08000677   Thumb Code    18  stm32f10x_gpio.o(.text)
    GPIO_ReadOutputData                      0x08000689   Thumb Code     8  stm32f10x_gpio.o(.text)
    GPIO_SetBits                             0x08000691   Thumb Code     4  stm32f10x_gpio.o(.text)
    GPIO_ResetBits                           0x08000695   Thumb Code     4  stm32f10x_gpio.o(.text)
    GPIO_WriteBit                            0x08000699   Thumb Code    10  stm32f10x_gpio.o(.text)
    GPIO_Write                               0x080006a3   Thumb Code     4  stm32f10x_gpio.o(.text)
    GPIO_PinLockConfig                       0x080006a7   Thumb Code    18  stm32f10x_gpio.o(.text)
    GPIO_EventOutputConfig                   0x080006b9   Thumb Code    26  stm32f10x_gpio.o(.text)
    GPIO_EventOutputCmd                      0x080006d3   Thumb Code     6  stm32f10x_gpio.o(.text)
    GPIO_PinRemapConfig                      0x080006d9   Thumb Code   106  stm32f10x_gpio.o(.text)
    GPIO_EXTILineConfig                      0x08000743   Thumb Code    66  stm32f10x_gpio.o(.text)
    NVIC_DeInit                              0x08000795   Thumb Code    54  stm32f10x_nvic.o(.text)
    NVIC_SCBDeInit                           0x080007cb   Thumb Code    76  stm32f10x_nvic.o(.text)
    NVIC_PriorityGroupConfig                 0x08000817   Thumb Code    12  stm32f10x_nvic.o(.text)
    NVIC_Init                                0x08000823   Thumb Code   152  stm32f10x_nvic.o(.text)
    NVIC_StructInit                          0x080008bb   Thumb Code    12  stm32f10x_nvic.o(.text)
    NVIC_SETPRIMASK                          0x080008c7   Thumb Code     8  stm32f10x_nvic.o(.text)
    NVIC_RESETPRIMASK                        0x080008cf   Thumb Code     8  stm32f10x_nvic.o(.text)
    NVIC_SETFAULTMASK                        0x080008d7   Thumb Code     8  stm32f10x_nvic.o(.text)
    NVIC_RESETFAULTMASK                      0x080008df   Thumb Code     8  stm32f10x_nvic.o(.text)
    NVIC_BASEPRICONFIG                       0x080008e7   Thumb Code    12  stm32f10x_nvic.o(.text)
    NVIC_GetBASEPRI                          0x080008f3   Thumb Code     8  stm32f10x_nvic.o(.text)
    NVIC_GetCurrentPendingIRQChannel         0x080008fb   Thumb Code    10  stm32f10x_nvic.o(.text)
    NVIC_GetIRQChannelPendingBitStatus       0x08000905   Thumb Code    42  stm32f10x_nvic.o(.text)
    NVIC_SetIRQChannelPendingBit             0x0800092f   Thumb Code     6  stm32f10x_nvic.o(.text)
    NVIC_ClearIRQChannelPendingBit           0x08000935   Thumb Code    20  stm32f10x_nvic.o(.text)
    NVIC_GetCurrentActiveHandler             0x08000949   Thumb Code    10  stm32f10x_nvic.o(.text)
    NVIC_GetIRQChannelActiveBitStatus        0x08000953   Thumb Code    42  stm32f10x_nvic.o(.text)
    NVIC_GetCPUID                            0x0800097d   Thumb Code     8  stm32f10x_nvic.o(.text)
    NVIC_SetVectorTable                      0x08000985   Thumb Code    14  stm32f10x_nvic.o(.text)
    NVIC_GenerateSystemReset                 0x08000993   Thumb Code    12  stm32f10x_nvic.o(.text)
    NVIC_GenerateCoreReset                   0x0800099f   Thumb Code    12  stm32f10x_nvic.o(.text)
    NVIC_SystemLPConfig                      0x080009ab   Thumb Code    34  stm32f10x_nvic.o(.text)
    NVIC_SystemHandlerConfig                 0x080009cd   Thumb Code    48  stm32f10x_nvic.o(.text)
    NVIC_SystemHandlerPriorityConfig         0x080009fd   Thumb Code   110  stm32f10x_nvic.o(.text)
    NVIC_GetSystemHandlerPendingBitStatus    0x08000a6b   Thumb Code    44  stm32f10x_nvic.o(.text)
    NVIC_SetSystemHandlerPendingBit          0x08000a97   Thumb Code    22  stm32f10x_nvic.o(.text)
    NVIC_ClearSystemHandlerPendingBit        0x08000aad   Thumb Code    26  stm32f10x_nvic.o(.text)
    NVIC_GetSystemHandlerActiveBitStatus     0x08000ac7   Thumb Code    42  stm32f10x_nvic.o(.text)
    NVIC_GetFaultHandlerSources              0x08000af1   Thumb Code    66  stm32f10x_nvic.o(.text)
    NVIC_GetFaultAddress                     0x08000b33   Thumb Code    28  stm32f10x_nvic.o(.text)
    RCC_DeInit                               0x08000b6d   Thumb Code    62  stm32f10x_rcc.o(.text)
    RCC_HSEConfig                            0x08000bab   Thumb Code    70  stm32f10x_rcc.o(.text)
    RCC_GetFlagStatus                        0x08000bf1   Thumb Code    56  stm32f10x_rcc.o(.text)
    RCC_WaitForHSEStartUp                    0x08000c29   Thumb Code    62  stm32f10x_rcc.o(.text)
    RCC_AdjustHSICalibrationValue            0x08000c67   Thumb Code    20  stm32f10x_rcc.o(.text)
    RCC_HSICmd                               0x08000c7b   Thumb Code     6  stm32f10x_rcc.o(.text)
    RCC_PLLConfig                            0x08000c81   Thumb Code    24  stm32f10x_rcc.o(.text)
    RCC_PLLCmd                               0x08000c99   Thumb Code     6  stm32f10x_rcc.o(.text)
    RCC_SYSCLKConfig                         0x08000c9f   Thumb Code    18  stm32f10x_rcc.o(.text)
    RCC_GetSYSCLKSource                      0x08000cb1   Thumb Code    10  stm32f10x_rcc.o(.text)
    RCC_HCLKConfig                           0x08000cbb   Thumb Code    18  stm32f10x_rcc.o(.text)
    RCC_PCLK1Config                          0x08000ccd   Thumb Code    18  stm32f10x_rcc.o(.text)
    RCC_PCLK2Config                          0x08000cdf   Thumb Code    20  stm32f10x_rcc.o(.text)
    RCC_ITConfig                             0x08000cf3   Thumb Code    26  stm32f10x_rcc.o(.text)
    RCC_USBCLKConfig                         0x08000d0d   Thumb Code     8  stm32f10x_rcc.o(.text)
    RCC_ADCCLKConfig                         0x08000d15   Thumb Code    18  stm32f10x_rcc.o(.text)
    RCC_LSEConfig                            0x08000d27   Thumb Code    50  stm32f10x_rcc.o(.text)
    RCC_LSICmd                               0x08000d59   Thumb Code     6  stm32f10x_rcc.o(.text)
    RCC_RTCCLKConfig                         0x08000d5f   Thumb Code    12  stm32f10x_rcc.o(.text)
    RCC_RTCCLKCmd                            0x08000d6b   Thumb Code     8  stm32f10x_rcc.o(.text)
    RCC_GetClocksFreq                        0x08000d73   Thumb Code   192  stm32f10x_rcc.o(.text)
    RCC_AHBPeriphClockCmd                    0x08000e33   Thumb Code    26  stm32f10x_rcc.o(.text)
    RCC_APB2PeriphClockCmd                   0x08000e4d   Thumb Code    26  stm32f10x_rcc.o(.text)
    RCC_APB1PeriphClockCmd                   0x08000e67   Thumb Code    26  stm32f10x_rcc.o(.text)
    RCC_APB2PeriphResetCmd                   0x08000e81   Thumb Code    26  stm32f10x_rcc.o(.text)
    RCC_APB1PeriphResetCmd                   0x08000e9b   Thumb Code    26  stm32f10x_rcc.o(.text)
    RCC_BackupResetCmd                       0x08000eb5   Thumb Code     8  stm32f10x_rcc.o(.text)
    RCC_ClockSecuritySystemCmd               0x08000ebd   Thumb Code     6  stm32f10x_rcc.o(.text)
    RCC_MCOConfig                            0x08000ec3   Thumb Code     6  stm32f10x_rcc.o(.text)
    RCC_ClearFlag                            0x08000ec9   Thumb Code    14  stm32f10x_rcc.o(.text)
    RCC_GetITStatus                          0x08000ed7   Thumb Code    20  stm32f10x_rcc.o(.text)
    RCC_ClearITPendingBit                    0x08000eeb   Thumb Code     6  stm32f10x_rcc.o(.text)
    __WFI                                    0x08000f1d   Thumb Code     0  cortexm3_macro.o(.text)
    __WFE                                    0x08000f21   Thumb Code     0  cortexm3_macro.o(.text)
    __SEV                                    0x08000f25   Thumb Code     0  cortexm3_macro.o(.text)
    __ISB                                    0x08000f29   Thumb Code     0  cortexm3_macro.o(.text)
    __DSB                                    0x08000f2f   Thumb Code     0  cortexm3_macro.o(.text)
    __DMB                                    0x08000f35   Thumb Code     0  cortexm3_macro.o(.text)
    __SVC                                    0x08000f3b   Thumb Code     0  cortexm3_macro.o(.text)
    __MRS_CONTROL                            0x08000f3f   Thumb Code     0  cortexm3_macro.o(.text)
    __MSR_CONTROL                            0x08000f45   Thumb Code     0  cortexm3_macro.o(.text)
    __MRS_PSP                                0x08000f4f   Thumb Code     0  cortexm3_macro.o(.text)
    __MSR_PSP                                0x08000f55   Thumb Code     0  cortexm3_macro.o(.text)
    __MRS_MSP                                0x08000f5b   Thumb Code     0  cortexm3_macro.o(.text)
    __MSR_MSP                                0x08000f61   Thumb Code     0  cortexm3_macro.o(.text)
    __RESETPRIMASK                           0x08000f67   Thumb Code     0  cortexm3_macro.o(.text)
    __SETPRIMASK                             0x08000f6b   Thumb Code     0  cortexm3_macro.o(.text)
    __READ_PRIMASK                           0x08000f6f   Thumb Code     0  cortexm3_macro.o(.text)
    __SETFAULTMASK                           0x08000f75   Thumb Code     0  cortexm3_macro.o(.text)
    __RESETFAULTMASK                         0x08000f79   Thumb Code     0  cortexm3_macro.o(.text)
    __READ_FAULTMASK                         0x08000f7d   Thumb Code     0  cortexm3_macro.o(.text)
    __BASEPRICONFIG                          0x08000f83   Thumb Code     0  cortexm3_macro.o(.text)
    __GetBASEPRI                             0x08000f89   Thumb Code     0  cortexm3_macro.o(.text)
    __REV_HalfWord                           0x08000f8f   Thumb Code     0  cortexm3_macro.o(.text)
    __REV_Word                               0x08000f93   Thumb Code     0  cortexm3_macro.o(.text)
    Reset_Handler                            0x08000f99   Thumb Code     4  stm32f10x_vector.o(.text)
    __user_initial_stackheap                 0x08000f9d   Thumb Code     0  stm32f10x_vector.o(.text)
    __use_two_region_memory                  0x08000fbd   Thumb Code     2  heapauxi.o(.text)
    __rt_heap_escrow$2region                 0x08000fbf   Thumb Code     2  heapauxi.o(.text)
    __rt_heap_expand$2region                 0x08000fc1   Thumb Code     2  heapauxi.o(.text)
    __user_setup_stackheap                   0x08000fc3   Thumb Code    74  sys_stackheap_outer.o(.text)
    exit                                     0x0800100d   Thumb Code    12  exit.o(.text)
    __user_libspace                          0x08001019   Thumb Code     8  libspace.o(.text)
    __user_perproc_libspace                  0x08001019   Thumb Code     0  libspace.o(.text)
    __user_perthread_libspace                0x08001019   Thumb Code     0  libspace.o(.text)
    _sys_exit                                0x08001021   Thumb Code     8  sys_exit.o(.text)
    __I$use$semihosting                      0x0800102d   Thumb Code     0  use_no_semi.o(.text)
    __use_no_semihosting_swi                 0x0800102d   Thumb Code     2  use_no_semi.o(.text)
    __semihosting_library_function           0x0800102f   Thumb Code     0  indicate_semi.o(.text)
    Region$$Table$$Base                      0x08001044   Number         0  anon$$obj.o(Region$$Table)
    Region$$Table$$Limit                     0x08001064   Number         0  anon$$obj.o(Region$$Table)
    GPIO_InitStructure                       0x20000000   Data           4  main.o(.data)
    HSEStartUpStatus                         0x20000004   Data           1  main.o(.data)
    count                                    0x20000005   Data           1  main.o(.data)
    __libspace_start                         0x20000010   Data          96  libspace.o(.bss)
    __temporary_stack_top$libspace           0x20000070   Data           0  libspace.o(.bss)



==============================================================================

Memory Map of the image

  Image Entry point : 0x08000131

  Load Region LR_IROM1 (Base: 0x08000000, Size: 0x00001074, Max: 0x00080000, ABSOLUTE)

    Execution Region ER_IROM1 (Base: 0x08000000, Size: 0x00001064, Max: 0x00080000, ABSOLUTE)

    Base Addr    Size         Type   Attr      Idx    E Section Name        Object

    0x08000000   0x00000130   Data   RO          135    RESET               stm32f10x_vector.o
    0x08000130   0x00000008   Code   RO          144  * !!!main             c_w.l(__main.o)
    0x08000138   0x00000034   Code   RO          298    !!!scatter          c_w.l(__scatter.o)
    0x0800016c   0x0000001a   Code   RO          300    !!handler_copy      c_w.l(__scatter_copy.o)
    0x08000186   0x00000002   PAD
    0x08000188   0x0000001c   Code   RO          302    !!handler_zi        c_w.l(__scatter_zi.o)
    0x080001a4   0x00000002   Code   RO          171    .ARM.Collect$$libinit$$00000000  c_w.l(libinit.o)
    0x080001a6   0x00000000   Code   RO          178    .ARM.Collect$$libinit$$00000002  c_w.l(libinit2.o)
    0x080001a6   0x00000000   Code   RO          181    .ARM.Collect$$libinit$$00000008  c_w.l(libinit2.o)
    0x080001a6   0x00000000   Code   RO          183    .ARM.Collect$$libinit$$0000000A  c_w.l(libinit2.o)
    0x080001a6   0x00000000   Code   RO          185    .ARM.Collect$$libinit$$0000000C  c_w.l(libinit2.o)
    0x080001a6   0x00000000   Code   RO          188    .ARM.Collect$$libinit$$0000000F  c_w.l(libinit2.o)
    0x080001a6   0x00000000   Code   RO          190    .ARM.Collect$$libinit$$00000011  c_w.l(libinit2.o)
    0x080001a6   0x00000000   Code   RO          192    .ARM.Collect$$libinit$$00000013  c_w.l(libinit2.o)
    0x080001a6   0x00000000   Code   RO          194    .ARM.Collect$$libinit$$00000015  c_w.l(libinit2.o)
    0x080001a6   0x00000000   Code   RO          196    .ARM.Collect$$libinit$$00000017  c_w.l(libinit2.o)
    0x080001a6   0x00000000   Code   RO          198    .ARM.Collect$$libinit$$00000019  c_w.l(libinit2.o)
    0x080001a6   0x00000000   Code   RO          200    .ARM.Collect$$libinit$$0000001B  c_w.l(libinit2.o)
    0x080001a6   0x00000000   Code   RO          202    .ARM.Collect$$libinit$$0000001D  c_w.l(libinit2.o)
    0x080001a6   0x00000000   Code   RO          204    .ARM.Collect$$libinit$$0000001F  c_w.l(libinit2.o)
    0x080001a6   0x00000000   Code   RO          206    .ARM.Collect$$libinit$$00000021  c_w.l(libinit2.o)
    0x080001a6   0x00000000   Code   RO          208    .ARM.Collect$$libinit$$00000023  c_w.l(libinit2.o)
    0x080001a6   0x00000000   Code   RO          212    .ARM.Collect$$libinit$$0000002A  c_w.l(libinit2.o)
    0x080001a6   0x00000000   Code   RO          214    .ARM.Collect$$libinit$$0000002C  c_w.l(libinit2.o)
    0x080001a6   0x00000000   Code   RO          216    .ARM.Collect$$libinit$$0000002E  c_w.l(libinit2.o)
    0x080001a6   0x00000000   Code   RO          218    .ARM.Collect$$libinit$$00000030  c_w.l(libinit2.o)
    0x080001a6   0x00000002   Code   RO          219    .ARM.Collect$$libinit$$00000031  c_w.l(libinit2.o)
    0x080001a8   0x00000002   Code   RO          239    .ARM.Collect$$libshutdown$$00000000  c_w.l(libshutdown.o)
    0x080001aa   0x00000000   Code   RO          253    .ARM.Collect$$libshutdown$$00000003  c_w.l(libshutdown2.o)
    0x080001aa   0x00000000   Code   RO          256    .ARM.Collect$$libshutdown$$00000006  c_w.l(libshutdown2.o)
    0x080001aa   0x00000000   Code   RO          259    .ARM.Collect$$libshutdown$$00000009  c_w.l(libshutdown2.o)
    0x080001aa   0x00000000   Code   RO          261    .ARM.Collect$$libshutdown$$0000000B  c_w.l(libshutdown2.o)
    0x080001aa   0x00000000   Code   RO          264    .ARM.Collect$$libshutdown$$0000000E  c_w.l(libshutdown2.o)
    0x080001aa   0x00000002   Code   RO          265    .ARM.Collect$$libshutdown$$0000000F  c_w.l(libshutdown2.o)
    0x080001ac   0x00000000   Code   RO          146    .ARM.Collect$$rtentry$$00000000  c_w.l(rtentry.o)
    0x080001ac   0x00000000   Code   RO          148    .ARM.Collect$$rtentry$$00000002  c_w.l(rtentry2.o)
    0x080001ac   0x00000006   Code   RO          160    .ARM.Collect$$rtentry$$00000004  c_w.l(rtentry4.o)
    0x080001b2   0x00000000   Code   RO          150    .ARM.Collect$$rtentry$$00000009  c_w.l(rtentry2.o)
    0x080001b2   0x00000004   Code   RO          151    .ARM.Collect$$rtentry$$0000000A  c_w.l(rtentry2.o)
    0x080001b6   0x00000000   Code   RO          153    .ARM.Collect$$rtentry$$0000000C  c_w.l(rtentry2.o)
    0x080001b6   0x00000008   Code   RO          154    .ARM.Collect$$rtentry$$0000000D  c_w.l(rtentry2.o)
    0x080001be   0x00000002   Code   RO          175    .ARM.Collect$$rtexit$$00000000  c_w.l(rtexit.o)
    0x080001c0   0x00000000   Code   RO          221    .ARM.Collect$$rtexit$$00000002  c_w.l(rtexit2.o)
    0x080001c0   0x00000004   Code   RO          222    .ARM.Collect$$rtexit$$00000003  c_w.l(rtexit2.o)
    0x080001c4   0x00000006   Code   RO          223    .ARM.Collect$$rtexit$$00000004  c_w.l(rtexit2.o)
    0x080001ca   0x00000002   PAD
    0x080001cc   0x000001c0   Code   RO            1    .text               main.o
    0x0800038c   0x00000092   Code   RO           48    .text               stm32f10x_it.o
    0x0800041e   0x00000002   PAD
    0x08000420   0x00000048   Code   RO           78    .text               stm32f10x_flash.o
    0x08000468   0x0000032c   Code   RO           90    .text               stm32f10x_gpio.o
    0x08000794   0x000003d8   Code   RO          102    .text               stm32f10x_nvic.o
    0x08000b6c   0x000003b0   Code   RO          114    .text               stm32f10x_rcc.o
    0x08000f1c   0x0000007a   Code   RO          129    .text               cortexm3_macro.o
    0x08000f96   0x00000002   PAD
    0x08000f98   0x00000024   Code   RO          136    .text               stm32f10x_vector.o
    0x08000fbc   0x00000006   Code   RO          142    .text               c_w.l(heapauxi.o)
    0x08000fc2   0x0000004a   Code   RO          162    .text               c_w.l(sys_stackheap_outer.o)
    0x0800100c   0x0000000c   Code   RO          164    .text               c_w.l(exit.o)
    0x08001018   0x00000008   Code   RO          172    .text               c_w.l(libspace.o)
    0x08001020   0x0000000c   Code   RO          231    .text               c_w.l(sys_exit.o)
    0x0800102c   0x00000002   Code   RO          242    .text               c_w.l(use_no_semi.o)
    0x0800102e   0x00000000   Code   RO          244    .text               c_w.l(indicate_semi.o)
    0x0800102e   0x00000014   Data   RO          115    .constdata          stm32f10x_rcc.o
    0x08001042   0x00000002   PAD
    0x08001044   0x00000020   Data   RO          296    Region$$Table       anon$$obj.o


    Execution Region RW_IRAM1 (Base: 0x20000000, Size: 0x00000870, Max: 0x00010000, ABSOLUTE)

    Base Addr    Size         Type   Attr      Idx    E Section Name        Object

    0x20000000   0x00000006   Data   RW            2    .data               main.o
    0x20000006   0x00000002   PAD
    0x20000008   0x00000008   Data   RW          116    .data               stm32f10x_rcc.o
    0x20000010   0x00000060   Zero   RW          173    .bss                c_w.l(libspace.o)
    0x20000070   0x00000400   Zero   RW          134    HEAP                stm32f10x_vector.o
    0x20000470   0x00000400   Zero   RW          133    STACK               stm32f10x_vector.o


==============================================================================

Image component sizes


      Code (inc. data)   RO Data    RW Data    ZI Data      Debug   Object Name

       122          0          0          0          0        364   cortexm3_macro.o
       448         46          0          6          0      10330   main.o
        72          6          0          0          0        820   stm32f10x_flash.o
       812         16          0          0          0       5035   stm32f10x_gpio.o
       146          0          0          0          0      41424   stm32f10x_it.o
       984         30          0          0          0       7040   stm32f10x_nvic.o
       944         44         20          8          0       8576   stm32f10x_rcc.o
        36         22        304          0       2048        344   stm32f10x_vector.o

    ----------------------------------------------------------------------
      3568        164        358         16       2048      73933   Object Totals
         0          0         32          0          0          0   (incl. Generated)
         4          0          2          2          0          0   (incl. Padding)

    ----------------------------------------------------------------------

      Code (inc. data)   RO Data    RW Data    ZI Data      Debug   Library Member Name

         8          0          0          0          0         68   __main.o
        52          8          0          0          0          0   __scatter.o
        26          0          0          0          0          0   __scatter_copy.o
        28          0          0          0          0          0   __scatter_zi.o
        12          0          0          0          0         72   exit.o
         6          0          0          0          0        152   heapauxi.o
         0          0          0          0          0          0   indicate_semi.o
         2          0          0          0          0          0   libinit.o
         2          0          0          0          0          0   libinit2.o
         2          0          0          0          0          0   libshutdown.o
         2          0          0          0          0          0   libshutdown2.o
         8          4          0          0         96         68   libspace.o
         0          0          0          0          0          0   rtentry.o
        12          0          0          0          0          0   rtentry2.o
         6          0          0          0          0          0   rtentry4.o
         2          0          0          0          0          0   rtexit.o
        10          0          0          0          0          0   rtexit2.o
        12          4          0          0          0         68   sys_exit.o
        74          0          0          0          0         80   sys_stackheap_outer.o
         2          0          0          0          0         68   use_no_semi.o

    ----------------------------------------------------------------------
       270         16          0          0         96        576   Library Totals
         4          0          0          0          0          0   (incl. Padding)

    ----------------------------------------------------------------------

      Code (inc. data)   RO Data    RW Data    ZI Data      Debug   Library Name

       266         16          0          0         96        576   c_w.l

    ----------------------------------------------------------------------
       270         16          0          0         96        576   Library Totals

    ----------------------------------------------------------------------

==============================================================================


      Code (inc. data)   RO Data    RW Data    ZI Data      Debug   

      3838        180        358         16       2144      73881   Grand Totals
      3838        180        358         16       2144      73881   ELF Image Totals
      3838        180        358         16          0          0   ROM Totals

==============================================================================

    Total RO  Size (Code + RO Data)                 4196 (   4.10kB)
    Total RW  Size (RW Data + ZI Data)              2160 (   2.11kB)
    Total ROM Size (Code + RO Data + RW Data)       4212 (   4.11kB)

==============================================================================

